[2026-08-29 16:11:32.624] [jointLog] [info] setting maxHashResizeThreads to 4
[2026-08-29 16:11:32.624] [jointLog] [info] Fragment incompatibility prior below threshold.  Incompatible fragments will be ignored.
[2026-08-29 16:11:32.625] [jointLog] [info] Usage of --validateMappings implies use of minScoreFraction. Since not explicitly specified, it is being set to 0.65
[2026-08-29 16:11:32.625] [jointLog] [info] Setting consensusSlack to selective-alignment default of 0.35.
[2026-08-29 16:11:32.625] [jointLog] [info] parsing read library format
[2026-08-29 16:11:32.628] [jointLog] [info] There is 1 library.
[2026-08-29 16:11:32.644] [jointLog] [info] Loading pufferfish index
[2026-08-29 16:11:32.653] [jointLog] [info] Loading dense pufferfish index.
[2026-08-29 16:11:44.207] [jointLog] [info] done
[2026-08-29 16:11:44.314] [jointLog] [info] Index contained 26114 targets
[2026-08-29 16:11:44.318] [jointLog] [info] Number of decoys : 0
[2026-08-29 16:11:48.045] [jointLog] [info] Automatically detected most likely library type as IU

[2026-08-29 16:23:36.754] [jointLog] [info] Computed 148129 rich equivalence classes for further processing
[2026-08-29 16:23:36.754] [jointLog] [info] Counted 8854995 total reads in the equivalence classes 
[2026-08-29 16:23:36.756] [jointLog] [info] Number of mappings discarded because of alignment score : 29501066
[2026-08-29 16:23:36.756] [jointLog] [info] Number of fragments entirely discarded because of alignment score : 10654919
[2026-08-29 16:23:36.756] [jointLog] [info] Number of fragments discarded because they are best-mapped to decoys : 0
[2026-08-29 16:23:36.756] [jointLog] [info] Number of fragments discarded because they have only dovetail (discordant) mappings to valid targets : 778164
[2026-08-29 16:23:36.756] [jointLog] [info] Mapping rate = 34.6745%

[2026-08-29 16:23:36.756] [jointLog] [info] finished quantifyLibrary()
[2026-08-29 16:23:36.761] [jointLog] [info] Starting optimizer
[2026-08-29 16:23:36.794] [jointLog] [info] Marked 0 weighted equivalence classes as degenerate
[2026-08-29 16:23:36.814] [jointLog] [info] iteration = 0 | max rel diff. = 27790.5
[2026-08-29 16:23:36.754] [fileLog] [info] 
At end of round 0
==================
Observed 25537449 total fragments (25537449 in most recent round)

[2026-08-29 16:23:38.776] [jointLog] [info] iteration = 100 | max rel diff. = 0.488176
[2026-08-29 16:23:40.732] [jointLog] [info] iteration = 200 | max rel diff. = 0.112559
[2026-08-29 16:23:41.936] [jointLog] [info] iteration = 263 | max rel diff. = 0.00712848
[2026-08-29 16:23:41.937] [jointLog] [info] Finished optimizer
[2026-08-29 16:23:41.937] [jointLog] [info] writing output 

