[2026-08-28 00:40:09.320] [jointLog] [info] setting maxHashResizeThreads to 4
[2026-08-28 00:40:09.320] [jointLog] [info] Fragment incompatibility prior below threshold.  Incompatible fragments will be ignored.
[2026-08-28 00:40:09.320] [jointLog] [info] Usage of --validateMappings implies use of minScoreFraction. Since not explicitly specified, it is being set to 0.65
[2026-08-28 00:40:09.320] [jointLog] [info] Setting consensusSlack to selective-alignment default of 0.35.
[2026-08-28 00:40:09.320] [jointLog] [info] parsing read library format
[2026-08-28 00:40:09.323] [jointLog] [info] There is 1 library.
[2026-08-28 00:40:09.340] [jointLog] [info] Loading pufferfish index
[2026-08-28 00:40:09.346] [jointLog] [info] Loading dense pufferfish index.
[2026-08-28 00:40:18.967] [jointLog] [info] done
[2026-08-28 00:40:19.095] [jointLog] [info] Index contained 26114 targets
[2026-08-28 00:40:19.098] [jointLog] [info] Number of decoys : 0
[2026-08-28 00:40:22.830] [jointLog] [info] Automatically detected most likely library type as IU

[2026-08-28 00:52:46.696] [jointLog] [info] Computed 107537 rich equivalence classes for further processing
[2026-08-28 00:52:46.696] [jointLog] [info] Counted 10482724 total reads in the equivalence classes 
[2026-08-28 00:52:46.698] [jointLog] [info] Number of mappings discarded because of alignment score : 27762815
[2026-08-28 00:52:46.698] [jointLog] [info] Number of fragments entirely discarded because of alignment score : 12296026
[2026-08-28 00:52:46.698] [jointLog] [info] Number of fragments discarded because they are best-mapped to decoys : 0
[2026-08-28 00:52:46.698] [jointLog] [info] Number of fragments discarded because they have only dovetail (discordant) mappings to valid targets : 1300898
[2026-08-28 00:52:46.698] [jointLog] [info] Mapping rate = 37.49%

[2026-08-28 00:52:46.698] [jointLog] [info] finished quantifyLibrary()
[2026-08-28 00:52:46.703] [jointLog] [info] Starting optimizer
[2026-08-28 00:52:46.732] [jointLog] [info] Marked 0 weighted equivalence classes as degenerate
[2026-08-28 00:52:46.745] [jointLog] [info] iteration = 0 | max rel diff. = 30260.9
[2026-08-28 00:52:46.697] [fileLog] [info] 
At end of round 0
==================
Observed 27961399 total fragments (27961399 in most recent round)

[2026-08-28 00:52:48.350] [jointLog] [info] iteration = 100 | max rel diff. = 0.107684
[2026-08-28 00:52:50.073] [jointLog] [info] iteration = 200 | max rel diff. = 0.131104
[2026-08-28 00:52:51.695] [jointLog] [info] iteration = 300 | max rel diff. = 0.0132677
[2026-08-28 00:52:52.554] [jointLog] [info] iteration = 352 | max rel diff. = 0.00957072
[2026-08-28 00:52:52.555] [jointLog] [info] Finished optimizer
[2026-08-28 00:52:52.555] [jointLog] [info] writing output 

