[2026-08-28 01:43:55.697] [jointLog] [info] setting maxHashResizeThreads to 4
[2026-08-28 01:43:55.698] [jointLog] [info] Fragment incompatibility prior below threshold.  Incompatible fragments will be ignored.
[2026-08-28 01:43:55.698] [jointLog] [info] Usage of --validateMappings implies use of minScoreFraction. Since not explicitly specified, it is being set to 0.65
[2026-08-28 01:43:55.699] [jointLog] [info] Setting consensusSlack to selective-alignment default of 0.35.
[2026-08-28 01:43:55.699] [jointLog] [info] parsing read library format
[2026-08-28 01:43:55.701] [jointLog] [info] There is 1 library.
[2026-08-28 01:43:55.734] [jointLog] [info] Loading pufferfish index
[2026-08-28 01:43:55.753] [jointLog] [info] Loading dense pufferfish index.
[2026-08-28 01:44:10.603] [jointLog] [info] done
[2026-08-28 01:44:10.752] [jointLog] [info] Index contained 26114 targets
[2026-08-28 01:44:10.758] [jointLog] [info] Number of decoys : 0
[2026-08-28 01:44:15.114] [jointLog] [info] Automatically detected most likely library type as IU

[2026-08-28 01:55:26.837] [jointLog] [info] Computed 71166 rich equivalence classes for further processing
[2026-08-28 01:55:26.837] [jointLog] [info] Counted 11406422 total reads in the equivalence classes 
[2026-08-28 01:55:26.839] [jointLog] [info] Number of mappings discarded because of alignment score : 24632175
[2026-08-28 01:55:26.839] [jointLog] [info] Number of fragments entirely discarded because of alignment score : 13519048
[2026-08-28 01:55:26.839] [jointLog] [info] Number of fragments discarded because they are best-mapped to decoys : 0
[2026-08-28 01:55:26.839] [jointLog] [info] Number of fragments discarded because they have only dovetail (discordant) mappings to valid targets : 1175382
[2026-08-28 01:55:26.839] [jointLog] [info] Mapping rate = 38.0356%

[2026-08-28 01:55:26.839] [jointLog] [info] finished quantifyLibrary()
[2026-08-28 01:55:26.844] [jointLog] [info] Starting optimizer
[2026-08-28 01:55:26.864] [jointLog] [info] Marked 0 weighted equivalence classes as degenerate
[2026-08-28 01:55:26.873] [jointLog] [info] iteration = 0 | max rel diff. = 33554.1
[2026-08-28 01:55:26.837] [fileLog] [info] 
At end of round 0
==================
Observed 29988822 total fragments (29988822 in most recent round)

[2026-08-28 01:55:27.731] [jointLog] [info] iteration = 100 | max rel diff. = 0.233955
[2026-08-28 01:55:28.624] [jointLog] [info] iteration = 200 | max rel diff. = 0.170333
[2026-08-28 01:55:29.472] [jointLog] [info] iteration = 300 | max rel diff. = 0.0350255
[2026-08-28 01:55:30.350] [jointLog] [info] iteration = 400 | max rel diff. = 0.0811341
[2026-08-28 01:55:30.474] [jointLog] [info] iteration = 415 | max rel diff. = 0.00896632
[2026-08-28 01:55:30.474] [jointLog] [info] Finished optimizer
[2026-08-28 01:55:30.474] [jointLog] [info] writing output 

